[stderr] INFO:     Started server process [99385]
[stderr] INFO:     Waiting for application startup.
[stderr] INFO:     Application startup complete.
[stderr] INFO:     Uvicorn running on http://127.0.0.1:8765 (Press CTRL+C to quit)
INFO:     127.0.0.1:63187 - "GET /health HTTP/1.1" 200 OK
[stderr] INFO:     ('127.0.0.1', 63188) - "WebSocket /ws" [accepted]
[stderr] 2026-09-19 14:08:00 INFO     [codeboarding_pro.ws.server:258] WebSocket connected: session efb5f93c-7123-4564-b4f9-1685f26fc431
[stderr] INFO:     connection open
[stderr] 2026-09-19 14:08:01 INFO     [tool_registry.manifest:309] has_required_tools: csharp unavailable (dotnet missing); skipping check
[stderr] 2026-09-19 14:08:01 INFO     [codeboarding_pro.lsp.bootstrap:56] LSP startup attempt 1/3
[stderr] 2026-09-19 14:08:01 INFO     [codeboarding_pro.session:183] Session efb5f93c-7123-4564-b4f9-1685f26fc431 initialized: repo=/Users/namanjindal/Documents/pw/fsd-may-26, project=fsd-may-26, output=/Users/namanjindal/Documents/pw/fsd-may-26/.codeboarding
[stderr] 2026-09-19 14:08:01 INFO     [static_analyzer.typescript_config_scanner:96] Found 1 TypeScript project(s) in repository (1 total files across all projects)
[stderr] 2026-09-19 14:08:01 INFO     [static_analyzer:198] Creating engine config for TypeScript at repo root (1 files across 1 tsconfig project(s): Week-16-ts)
[stderr] 2026-09-19 14:08:01 INFO     [static_analyzer:208] Adding 31 family file(s) claimed by no tsconfig
[stderr] 2026-09-19 14:08:01 INFO     [static_analyzer:450] Starting engine LSP client for TypeScript at /Users/namanjindal/Documents/pw/fsd-may-26
[stderr] 2026-09-19 14:08:01 INFO     [static_analyzer:472] TypeScript LSP start: 0.2s
[stderr] 2026-09-19 14:08:01 INFO     [codeboarding_pro.file_monitor:106] FileMonitor started for /Users/namanjindal/Documents/pw/fsd-may-26
[stderr] 2026-09-19 14:08:01 INFO     [codeboarding_pro.session:202] Session efb5f93c-7123-4564-b4f9-1685f26fc431: FileMonitor activated
[stderr] 2026-09-19 14:08:01 INFO     [codeboarding_pro.session:243] Session efb5f93c-7123-4564-b4f9-1685f26fc431: LSP wiring complete
[stderr] 2026-09-19 14:08:01 INFO     [codeboarding_pro.lsp.bootstrap:67] LSP clients started successfully (attempt 1)
[stderr] 2026-09-19 14:18:25 INFO     [watchfiles.main:308] 1 change detected
[stderr] 2026-09-19 14:18:25 WARNING  [codeboarding_pro.analysis_controller:427] Skipping incremental update: full analysis artifacts not ready yet
[stderr] 2026-09-19 14:18:25 INFO     [codeboarding_pro.analysis_controller:259] No cached analysis results; skipping health report
[stderr] 2026-09-19 14:18:30 INFO     [watchfiles.main:308] 1 change detected
[stderr] 2026-09-19 14:18:31 WARNING  [codeboarding_pro.analysis_controller:427] Skipping incremental update: full analysis artifacts not ready yet
[stderr] 2026-09-19 14:18:31 INFO     [codeboarding_pro.analysis_controller:259] No cached analysis results; skipping health report
[stderr] 2026-09-19 14:19:59 INFO     [watchfiles.main:308] 1 change detected
[stderr] 2026-09-19 14:20:00 WARNING  [codeboarding_pro.analysis_controller:427] Skipping incremental update: full analysis artifacts not ready yet
[stderr] 2026-09-19 14:20:00 INFO     [codeboarding_pro.analysis_controller:259] No cached analysis results; skipping health report
[stderr] 2026-09-19 14:22:54 INFO     [watchfiles.main:308] 1 change detected
[stderr] 2026-09-19 14:22:55 WARNING  [codeboarding_pro.analysis_controller:427] Skipping incremental update: full analysis artifacts not ready yet
[stderr] 2026-09-19 14:22:55 INFO     [codeboarding_pro.analysis_controller:259] No cached analysis results; skipping health report
[stderr] 2026-09-19 14:23:50 INFO     [watchfiles.main:308] 1 change detected
[stderr] 2026-09-19 14:23:51 WARNING  [codeboarding_pro.analysis_controller:427] Skipping incremental update: full analysis artifacts not ready yet
[stderr] 2026-09-19 14:23:51 INFO     [codeboarding_pro.analysis_controller:259] No cached analysis results; skipping health report
[stderr] 2026-09-19 14:24:02 INFO     [watchfiles.main:308] 1 change detected
[stderr] 2026-09-19 14:24:02 WARNING  [codeboarding_pro.analysis_controller:427] Skipping incremental update: full analysis artifacts not ready yet
[stderr] 2026-09-19 14:24:02 INFO     [codeboarding_pro.analysis_controller:259] No cached analysis results; skipping health report
[stderr] 2026-09-19 14:24:11 INFO     [watchfiles.main:308] 1 change detected
[stderr] 2026-09-19 14:24:12 WARNING  [codeboarding_pro.analysis_controller:427] Skipping incremental update: full analysis artifacts not ready yet
[stderr] 2026-09-19 14:24:12 INFO     [codeboarding_pro.analysis_controller:259] No cached analysis results; skipping health report
[stderr] 2026-09-19 14:26:30 INFO     [watchfiles.main:308] 1 change detected
[stderr] 2026-09-19 14:26:31 WARNING  [codeboarding_pro.analysis_controller:427] Skipping incremental update: full analysis artifacts not ready yet
[stderr] 2026-09-19 14:26:31 INFO     [codeboarding_pro.analysis_controller:259] No cached analysis results; skipping health report
[stderr] 2026-09-19 14:27:23 INFO     [watchfiles.main:308] 1 change detected
[stderr] 2026-09-19 14:27:23 WARNING  [codeboarding_pro.analysis_controller:427] Skipping incremental update: full analysis artifacts not ready yet
[stderr] 2026-09-19 14:27:23 INFO     [codeboarding_pro.analysis_controller:259] No cached analysis results; skipping health report
[stderr] 2026-09-19 14:31:30 INFO     [watchfiles.main:308] 1 change detected
[stderr] 2026-09-19 14:31:30 WARNING  [codeboarding_pro.analysis_controller:427] Skipping incremental update: full analysis artifacts not ready yet
[stderr] 2026-09-19 14:31:30 INFO     [codeboarding_pro.analysis_controller:259] No cached analysis results; skipping health report
[stderr] 2026-09-19 14:34:43 INFO     [watchfiles.main:308] 1 change detected
[stderr] 2026-09-19 14:34:43 WARNING  [codeboarding_pro.analysis_controller:427] Skipping incremental update: full analysis artifacts not ready yet
[stderr] 2026-09-19 14:34:43 INFO     [codeboarding_pro.analysis_controller:259] No cached analysis results; skipping health report
[stderr] 2026-09-19 14:36:01 INFO     [watchfiles.main:308] 1 change detected
[stderr] 2026-09-19 14:36:02 WARNING  [codeboarding_pro.analysis_controller:427] Skipping incremental update: full analysis artifacts not ready yet
[stderr] 2026-09-19 14:36:02 INFO     [codeboarding_pro.analysis_controller:259] No cached analysis results; skipping health report
[stderr] 2026-09-19 14:36:04 INFO     [watchfiles.main:308] 1 change detected
[stderr] 2026-09-19 14:36:05 WARNING  [codeboarding_pro.analysis_controller:427] Skipping incremental update: full analysis artifacts not ready yet
[stderr] 2026-09-19 14:36:05 INFO     [codeboarding_pro.analysis_controller:259] No cached analysis results; skipping health report
[stderr] 2026-09-19 14:40:07 INFO     [watchfiles.main:308] 1 change detected
[stderr] 2026-09-19 14:40:08 WARNING  [codeboarding_pro.analysis_controller:427] Skipping incremental update: full analysis artifacts not ready yet
[stderr] 2026-09-19 14:40:08 INFO     [codeboarding_pro.analysis_controller:259] No cached analysis results; skipping health report
[stderr] 2026-09-19 14:40:12 INFO     [watchfiles.main:308] 1 change detected
[stderr] 2026-09-19 14:40:12 WARNING  [codeboarding_pro.analysis_controller:427] Skipping incremental update: full analysis artifacts not ready yet
[stderr] 2026-09-19 14:40:12 INFO     [codeboarding_pro.analysis_controller:259] No cached analysis results; skipping health report
[stderr] 2026-09-19 14:41:46 INFO     [watchfiles.main:308] 1 change detected
[stderr] 2026-09-19 14:41:47 WARNING  [codeboarding_pro.analysis_controller:427] Skipping incremental update: full analysis artifacts not ready yet
[stderr] 2026-09-19 14:41:47 INFO     [codeboarding_pro.analysis_controller:259] No cached analysis results; skipping health report
[stderr] 2026-09-19 14:41:57 INFO     [watchfiles.main:308] 1 change detected
[stderr] 2026-09-19 14:41:57 WARNING  [codeboarding_pro.analysis_controller:427] Skipping incremental update: full analysis artifacts not ready yet
[stderr] 2026-09-19 14:41:57 INFO     [codeboarding_pro.analysis_controller:259] No cached analysis results; skipping health report
[stderr] 2026-09-19 14:42:13 INFO     [watchfiles.main:308] 1 change detected
[stderr] 2026-09-19 14:42:14 WARNING  [codeboarding_pro.analysis_controller:427] Skipping incremental update: full analysis artifacts not ready yet
[stderr] 2026-09-19 14:42:14 INFO     [codeboarding_pro.analysis_controller:259] No cached analysis results; skipping health report
[stderr] 2026-09-19 14:43:27 INFO     [watchfiles.main:308] 1 change detected
[stderr] 2026-09-19 14:43:27 WARNING  [codeboarding_pro.analysis_controller:427] Skipping incremental update: full analysis artifacts not ready yet
[stderr] 2026-09-19 14:43:27 INFO     [codeboarding_pro.analysis_controller:259] No cached analysis results; skipping health report
[stderr] 2026-09-19 14:44:54 INFO     [watchfiles.main:308] 1 change detected
[stderr] 2026-09-19 14:44:54 WARNING  [codeboarding_pro.analysis_controller:427] Skipping incremental update: full analysis artifacts not ready yet
[stderr] 2026-09-19 14:44:54 INFO     [codeboarding_pro.analysis_controller:259] No cached analysis results; skipping health report
[stderr] 2026-09-19 14:44:59 INFO     [watchfiles.main:308] 1 change detected
[stderr] 2026-09-19 14:44:59 WARNING  [codeboarding_pro.analysis_controller:427] Skipping incremental update: full analysis artifacts not ready yet
[stderr] 2026-09-19 14:44:59 INFO     [codeboarding_pro.analysis_controller:259] No cached analysis results; skipping health report
[stderr] 2026-09-19 14:45:44 INFO     [watchfiles.main:308] 1 change detected
[stderr] 2026-09-19 14:45:44 WARNING  [codeboarding_pro.analysis_controller:427] Skipping incremental update: full analysis artifacts not ready yet
[stderr] 2026-09-19 14:45:44 INFO     [codeboarding_pro.analysis_controller:259] No cached analysis results; skipping health report
[stderr] 2026-09-19 14:46:15 INFO     [watchfiles.main:308] 1 change detected
[stderr] 2026-09-19 14:46:16 WARNING  [codeboarding_pro.analysis_controller:427] Skipping incremental update: full analysis artifacts not ready yet
[stderr] 2026-09-19 14:46:16 INFO     [codeboarding_pro.analysis_controller:259] No cached analysis results; skipping health report
[stderr] 2026-09-19 14:46:33 INFO     [watchfiles.main:308] 1 change detected
[stderr] 2026-09-19 14:46:34 WARNING  [codeboarding_pro.analysis_controller:427] Skipping incremental update: full analysis artifacts not ready yet
[stderr] 2026-09-19 14:46:34 INFO     [codeboarding_pro.analysis_controller:259] No cached analysis results; skipping health report
[stderr] 2026-09-19 14:46:36 INFO     [watchfiles.main:308] 1 change detected
[stderr] 2026-09-19 14:46:37 WARNING  [codeboarding_pro.analysis_controller:427] Skipping incremental update: full analysis artifacts not ready yet
[stderr] 2026-09-19 14:46:37 INFO     [codeboarding_pro.analysis_controller:259] No cached analysis results; skipping health report
[stderr] 2026-09-19 14:46:40 INFO     [watchfiles.main:308] 1 change detected
[stderr] 2026-09-19 14:46:40 WARNING  [codeboarding_pro.analysis_controller:427] Skipping incremental update: full analysis artifacts not ready yet
[stderr] 2026-09-19 14:46:40 INFO     [codeboarding_pro.analysis_controller:259] No cached analysis results; skipping health report
[stderr] 2026-09-19 14:47:05 INFO     [watchfiles.main:308] 1 change detected
[stderr] 2026-09-19 14:47:05 WARNING  [codeboarding_pro.analysis_controller:427] Skipping incremental update: full analysis artifacts not ready yet
[stderr] 2026-09-19 14:47:05 INFO     [codeboarding_pro.analysis_controller:259] No cached analysis results; skipping health report
[stderr] 2026-09-19 14:47:28 INFO     [watchfiles.main:308] 1 change detected
[stderr] 2026-09-19 14:47:29 WARNING  [codeboarding_pro.analysis_controller:427] Skipping incremental update: full analysis artifacts not ready yet
[stderr] 2026-09-19 14:47:29 INFO     [codeboarding_pro.analysis_controller:259] No cached analysis results; skipping health report
[stderr] 2026-09-19 14:49:00 INFO     [watchfiles.main:308] 1 change detected
[stderr] 2026-09-19 14:49:01 WARNING  [codeboarding_pro.analysis_controller:427] Skipping incremental update: full analysis artifacts not ready yet
[stderr] 2026-09-19 14:49:01 INFO     [codeboarding_pro.analysis_controller:259] No cached analysis results; skipping health report
[stderr] 2026-09-19 14:54:48 INFO     [watchfiles.main:308] 1 change detected
[stderr] 2026-09-19 14:54:48 WARNING  [codeboarding_pro.analysis_controller:427] Skipping incremental update: full analysis artifacts not ready yet
[stderr] 2026-09-19 14:54:48 INFO     [codeboarding_pro.analysis_controller:259] No cached analysis results; skipping health report
[stderr] 2026-09-19 14:55:05 INFO     [watchfiles.main:308] 1 change detected
[stderr] 2026-09-19 14:55:05 WARNING  [codeboarding_pro.analysis_controller:427] Skipping incremental update: full analysis artifacts not ready yet
[stderr] 2026-09-19 14:55:05 INFO     [codeboarding_pro.analysis_controller:259] No cached analysis results; skipping health report
[stderr] 2026-09-19 14:55:37 INFO     [watchfiles.main:308] 1 change detected
[stderr] 2026-09-19 14:55:37 WARNING  [codeboarding_pro.analysis_controller:427] Skipping incremental update: full analysis artifacts not ready yet
[stderr] 2026-09-19 14:55:37 INFO     [codeboarding_pro.analysis_controller:259] No cached analysis results; skipping health report
[stderr] 2026-09-19 14:55:51 INFO     [watchfiles.main:308] 1 change detected
[stderr] 2026-09-19 14:55:51 WARNING  [codeboarding_pro.analysis_controller:427] Skipping incremental update: full analysis artifacts not ready yet
[stderr] 2026-09-19 14:55:51 INFO     [codeboarding_pro.analysis_controller:259] No cached analysis results; skipping health report
[stderr] 2026-09-19 14:58:44 INFO     [watchfiles.main:308] 1 change detected
[stderr] 2026-09-19 14:58:45 WARNING  [codeboarding_pro.analysis_controller:427] Skipping incremental update: full analysis artifacts not ready yet
[stderr] 2026-09-19 14:58:45 INFO     [codeboarding_pro.analysis_controller:259] No cached analysis results; skipping health report
[stderr] 2026-09-19 14:59:00 INFO     [watchfiles.main:308] 1 change detected
[stderr] 2026-09-19 14:59:00 WARNING  [codeboarding_pro.analysis_controller:427] Skipping incremental update: full analysis artifacts not ready yet
[stderr] 2026-09-19 14:59:00 INFO     [codeboarding_pro.analysis_controller:259] No cached analysis results; skipping health report
[stderr] 2026-09-19 15:00:04 INFO     [watchfiles.main:308] 1 change detected
[stderr] 2026-09-19 15:00:04 WARNING  [codeboarding_pro.analysis_controller:427] Skipping incremental update: full analysis artifacts not ready yet
[stderr] 2026-09-19 15:00:04 INFO     [codeboarding_pro.analysis_controller:259] No cached analysis results; skipping health report
[stderr] 2026-09-19 15:03:35 INFO     [watchfiles.main:308] 1 change detected
[stderr] 2026-09-19 15:03:35 WARNING  [codeboarding_pro.analysis_controller:427] Skipping incremental update: full analysis artifacts not ready yet
[stderr] 2026-09-19 15:03:35 INFO     [codeboarding_pro.analysis_controller:259] No cached analysis results; skipping health report
[stderr] 2026-09-19 15:21:51 INFO     [watchfiles.main:308] 1 change detected
[stderr] 2026-09-19 15:21:52 WARNING  [codeboarding_pro.analysis_controller:427] Skipping incremental update: full analysis artifacts not ready yet
[stderr] 2026-09-19 15:21:52 INFO     [codeboarding_pro.analysis_controller:259] No cached analysis results; skipping health report
[stderr] 2026-09-19 15:23:33 INFO     [watchfiles.main:308] 1 change detected
[stderr] 2026-09-19 15:23:34 WARNING  [codeboarding_pro.analysis_controller:427] Skipping incremental update: full analysis artifacts not ready yet
[stderr] 2026-09-19 15:23:34 INFO     [codeboarding_pro.analysis_controller:259] No cached analysis results; skipping health report
[stderr] 2026-09-19 15:23:40 INFO     [watchfiles.main:308] 1 change detected
[stderr] 2026-09-19 15:23:41 WARNING  [codeboarding_pro.analysis_controller:427] Skipping incremental update: full analysis artifacts not ready yet
[stderr] 2026-09-19 15:23:41 INFO     [codeboarding_pro.analysis_controller:259] No cached analysis results; skipping health report
[stderr] 2026-09-19 15:24:02 INFO     [watchfiles.main:308] 1 change detected
[stderr] 2026-09-19 15:24:02 WARNING  [codeboarding_pro.analysis_controller:427] Skipping incremental update: full analysis artifacts not ready yet
[stderr] 2026-09-19 15:24:02 INFO     [codeboarding_pro.analysis_controller:259] No cached analysis results; skipping health report
[stderr] 2026-09-19 15:26:45 INFO     [watchfiles.main:308] 1 change detected
[stderr] 2026-09-19 15:26:45 WARNING  [codeboarding_pro.analysis_controller:427] Skipping incremental update: full analysis artifacts not ready yet
[stderr] 2026-09-19 15:26:45 INFO     [codeboarding_pro.analysis_controller:259] No cached analysis results; skipping health report
[stderr] 2026-09-19 15:27:13 INFO     [watchfiles.main:308] 1 change detected
[stderr] 2026-09-19 15:27:14 WARNING  [codeboarding_pro.analysis_controller:427] Skipping incremental update: full analysis artifacts not ready yet
[stderr] 2026-09-19 15:27:14 INFO     [codeboarding_pro.analysis_controller:259] No cached analysis results; skipping health report
[stderr] 2026-09-19 15:31:48 INFO     [watchfiles.main:308] 1 change detected
[stderr] 2026-09-19 15:31:49 WARNING  [codeboarding_pro.analysis_controller:427] Skipping incremental update: full analysis artifacts not ready yet
[stderr] 2026-09-19 15:31:49 INFO     [codeboarding_pro.analysis_controller:259] No cached analysis results; skipping health report
[stderr] 2026-09-19 15:32:06 INFO     [watchfiles.main:308] 1 change detected
[stderr] 2026-09-19 15:32:06 WARNING  [codeboarding_pro.analysis_controller:427] Skipping incremental update: full analysis artifacts not ready yet
[stderr] 2026-09-19 15:32:06 INFO     [codeboarding_pro.analysis_controller:259] No cached analysis results; skipping health report
[stderr] 2026-09-19 15:32:34 INFO     [watchfiles.main:308] 1 change detected
[stderr] 2026-09-19 15:32:35 WARNING  [codeboarding_pro.analysis_controller:427] Skipping incremental update: full analysis artifacts not ready yet
[stderr] 2026-09-19 15:32:35 INFO     [codeboarding_pro.analysis_controller:259] No cached analysis results; skipping health report
[stderr] 2026-09-19 15:32:39 INFO     [watchfiles.main:308] 1 change detected
[stderr] 2026-09-19 15:32:39 WARNING  [codeboarding_pro.analysis_controller:427] Skipping incremental update: full analysis artifacts not ready yet
[stderr] 2026-09-19 15:32:39 INFO     [codeboarding_pro.analysis_controller:259] No cached analysis results; skipping health report
[stderr] 2026-09-19 15:32:50 INFO     [watchfiles.main:308] 1 change detected
[stderr] 2026-09-19 15:32:50 WARNING  [codeboarding_pro.analysis_controller:427] Skipping incremental update: full analysis artifacts not ready yet
[stderr] 2026-09-19 15:32:50 INFO     [codeboarding_pro.analysis_controller:259] No cached analysis results; skipping health report
[stderr] 2026-09-19 15:33:15 INFO     [watchfiles.main:308] 1 change detected
[stderr] 2026-09-19 15:33:16 WARNING  [codeboarding_pro.analysis_controller:427] Skipping incremental update: full analysis artifacts not ready yet
[stderr] 2026-09-19 15:33:16 INFO     [codeboarding_pro.analysis_controller:259] No cached analysis results; skipping health report
[stderr] 2026-09-19 15:33:36 INFO     [watchfiles.main:308] 1 change detected
[stderr] 2026-09-19 15:33:37 WARNING  [codeboarding_pro.analysis_controller:427] Skipping incremental update: full analysis artifacts not ready yet
[stderr] 2026-09-19 15:33:37 INFO     [codeboarding_pro.analysis_controller:259] No cached analysis results; skipping health report
[stderr] 2026-09-19 15:53:12 INFO     [watchfiles.main:308] 1 change detected
[stderr] 2026-09-19 15:53:13 WARNING  [codeboarding_pro.analysis_controller:427] Skipping incremental update: full analysis artifacts not ready yet
[stderr] 2026-09-19 15:53:13 INFO     [codeboarding_pro.analysis_controller:259] No cached analysis results; skipping health report
[stderr] 2026-09-19 16:02:04 INFO     [watchfiles.main:308] 1 change detected
[stderr] 2026-09-19 16:02:05 WARNING  [codeboarding_pro.analysis_controller:427] Skipping incremental update: full analysis artifacts not ready yet
[stderr] 2026-09-19 16:02:05 INFO     [codeboarding_pro.analysis_controller:259] No cached analysis results; skipping health report
[stderr] 2026-09-19 16:04:28 INFO     [watchfiles.main:308] 1 change detected
[stderr] 2026-09-19 16:04:29 WARNING  [codeboarding_pro.analysis_controller:427] Skipping incremental update: full analysis artifacts not ready yet
[stderr] 2026-09-19 16:04:29 INFO     [codeboarding_pro.analysis_controller:259] No cached analysis results; skipping health report
[stderr] 2026-09-19 16:08:21 INFO     [watchfiles.main:308] 1 change detected
[stderr] 2026-09-19 16:08:22 WARNING  [codeboarding_pro.analysis_controller:427] Skipping incremental update: full analysis artifacts not ready yet
[stderr] 2026-09-19 16:08:22 INFO     [codeboarding_pro.analysis_controller:259] No cached analysis results; skipping health report
[stderr] 2026-09-19 16:11:48 INFO     [watchfiles.main:308] 1 change detected
[stderr] 2026-09-19 16:11:48 WARNING  [codeboarding_pro.analysis_controller:427] Skipping incremental update: full analysis artifacts not ready yet
[stderr] 2026-09-19 16:11:48 INFO     [codeboarding_pro.analysis_controller:259] No cached analysis results; skipping health report
[stderr] 2026-09-19 16:11:57 INFO     [watchfiles.main:308] 1 change detected
[stderr] 2026-09-19 16:11:57 WARNING  [codeboarding_pro.analysis_controller:427] Skipping incremental update: full analysis artifacts not ready yet
[stderr] 2026-09-19 16:11:57 INFO     [codeboarding_pro.analysis_controller:259] No cached analysis results; skipping health report
[stderr] 2026-09-19 16:12:57 INFO     [watchfiles.main:308] 1 change detected
[stderr] 2026-09-19 16:12:57 WARNING  [codeboarding_pro.analysis_controller:427] Skipping incremental update: full analysis artifacts not ready yet
[stderr] 2026-09-19 16:12:57 INFO     [codeboarding_pro.analysis_controller:259] No cached analysis results; skipping health report
[stderr] 2026-09-19 16:22:21 INFO     [watchfiles.main:308] 1 change detected
[stderr] 2026-09-19 16:22:22 WARNING  [codeboarding_pro.analysis_controller:427] Skipping incremental update: full analysis artifacts not ready yet
[stderr] 2026-09-19 16:22:22 INFO     [codeboarding_pro.analysis_controller:259] No cached analysis results; skipping health report
[stderr] 2026-09-19 16:26:15 INFO     [watchfiles.main:308] 1 change detected
[stderr] 2026-09-19 16:26:15 WARNING  [codeboarding_pro.analysis_controller:427] Skipping incremental update: full analysis artifacts not ready yet
[stderr] 2026-09-19 16:26:15 INFO     [codeboarding_pro.analysis_controller:259] No cached analysis results; skipping health report
[stderr] 2026-09-19 16:27:26 INFO     [watchfiles.main:308] 1 change detected
[stderr] 2026-09-19 16:27:27 WARNING  [codeboarding_pro.analysis_controller:427] Skipping incremental update: full analysis artifacts not ready yet
[stderr] 2026-09-19 16:27:27 INFO     [codeboarding_pro.analysis_controller:259] No cached analysis results; skipping health report
[stderr] 2026-09-19 16:28:59 INFO     [watchfiles.main:308] 1 change detected
[stderr] 2026-09-19 16:28:59 WARNING  [codeboarding_pro.analysis_controller:427] Skipping incremental update: full analysis artifacts not ready yet
[stderr] 2026-09-19 16:28:59 INFO     [codeboarding_pro.analysis_controller:259] No cached analysis results; skipping health report
[stderr] 2026-09-19 16:38:57 INFO     [watchfiles.main:308] 1 change detected
[stderr] 2026-09-19 16:38:58 WARNING  [codeboarding_pro.analysis_controller:427] Skipping incremental update: full analysis artifacts not ready yet
[stderr] 2026-09-19 16:38:58 INFO     [codeboarding_pro.analysis_controller:259] No cached analysis results; skipping health report
[stderr] 2026-09-19 16:40:48 INFO     [watchfiles.main:308] 1 change detected
[stderr] 2026-09-19 16:40:48 WARNING  [codeboarding_pro.analysis_controller:427] Skipping incremental update: full analysis artifacts not ready yet
[stderr] 2026-09-19 16:40:48 INFO     [codeboarding_pro.analysis_controller:259] No cached analysis results; skipping health report
[stderr] 2026-09-19 16:41:13 INFO     [watchfiles.main:308] 1 change detected
[stderr] 2026-09-19 16:41:13 WARNING  [codeboarding_pro.analysis_controller:427] Skipping incremental update: full analysis artifacts not ready yet
[stderr] 2026-09-19 16:41:13 INFO     [codeboarding_pro.analysis_controller:259] No cached analysis results; skipping health report
[stderr] 2026-09-19 16:41:24 INFO     [watchfiles.main:308] 1 change detected
[stderr] 2026-09-19 16:41:25 WARNING  [codeboarding_pro.analysis_controller:427] Skipping incremental update: full analysis artifacts not ready yet
[stderr] 2026-09-19 16:41:25 INFO     [codeboarding_pro.analysis_controller:259] No cached analysis results; skipping health report
[stderr] 2026-09-19 16:41:40 INFO     [watchfiles.main:308] 1 change detected
[stderr] 2026-09-19 16:41:41 WARNING  [codeboarding_pro.analysis_controller:427] Skipping incremental update: full analysis artifacts not ready yet
[stderr] 2026-09-19 16:41:41 INFO     [codeboarding_pro.analysis_controller:259] No cached analysis results; skipping health report
[stderr] 2026-09-19 16:41:46 INFO     [watchfiles.main:308] 1 change detected
[stderr] 2026-09-19 16:41:46 WARNING  [codeboarding_pro.analysis_controller:427] Skipping incremental update: full analysis artifacts not ready yet
[stderr] 2026-09-19 16:41:46 INFO     [codeboarding_pro.analysis_controller:259] No cached analysis results; skipping health report
[stderr] 2026-09-19 16:42:02 INFO     [watchfiles.main:308] 1 change detected
[stderr] 2026-09-19 16:42:03 WARNING  [codeboarding_pro.analysis_controller:427] Skipping incremental update: full analysis artifacts not ready yet
[stderr] 2026-09-19 16:42:03 INFO     [codeboarding_pro.analysis_controller:259] No cached analysis results; skipping health report
[stderr] 2026-09-19 16:42:15 INFO     [watchfiles.main:308] 1 change detected
[stderr] 2026-09-19 16:42:15 WARNING  [codeboarding_pro.analysis_controller:427] Skipping incremental update: full analysis artifacts not ready yet
[stderr] 2026-09-19 16:42:15 INFO     [codeboarding_pro.analysis_controller:259] No cached analysis results; skipping health report
[stderr] 2026-09-19 16:42:48 INFO     [watchfiles.main:308] 1 change detected
[stderr] 2026-09-19 16:42:49 WARNING  [codeboarding_pro.analysis_controller:427] Skipping incremental update: full analysis artifacts not ready yet
[stderr] 2026-09-19 16:42:49 INFO     [codeboarding_pro.analysis_controller:259] No cached analysis results; skipping health report
[stderr] 2026-09-19 16:42:54 INFO     [watchfiles.main:308] 1 change detected
[stderr] 2026-09-19 16:42:54 WARNING  [codeboarding_pro.analysis_controller:427] Skipping incremental update: full analysis artifacts not ready yet
[stderr] 2026-09-19 16:42:54 INFO     [codeboarding_pro.analysis_controller:259] No cached analysis results; skipping health report
[stderr] 2026-09-19 16:45:03 INFO     [watchfiles.main:308] 1 change detected
[stderr] 2026-09-19 16:45:03 WARNING  [codeboarding_pro.analysis_controller:427] Skipping incremental update: full analysis artifacts not ready yet
[stderr] 2026-09-19 16:45:03 INFO     [codeboarding_pro.analysis_controller:259] No cached analysis results; skipping health report
[stderr] 2026-09-19 16:45:15 INFO     [watchfiles.main:308] 1 change detected
[stderr] 2026-09-19 16:45:16 WARNING  [codeboarding_pro.analysis_controller:427] Skipping incremental update: full analysis artifacts not ready yet
[stderr] 2026-09-19 16:45:16 INFO     [codeboarding_pro.analysis_controller:259] No cached analysis results; skipping health report
[stderr] 2026-09-19 16:46:25 INFO     [watchfiles.main:308] 1 change detected
[stderr] 2026-09-19 16:46:26 WARNING  [codeboarding_pro.analysis_controller:427] Skipping incremental update: full analysis artifacts not ready yet
[stderr] 2026-09-19 16:46:26 INFO     [codeboarding_pro.analysis_controller:259] No cached analysis results; skipping health report
[stderr] 2026-09-19 16:53:46 INFO     [watchfiles.main:308] 1 change detected
[stderr] 2026-09-19 16:53:47 WARNING  [codeboarding_pro.analysis_controller:427] Skipping incremental update: full analysis artifacts not ready yet
[stderr] 2026-09-19 16:53:47 INFO     [codeboarding_pro.analysis_controller:259] No cached analysis results; skipping health report
[stderr] 2026-09-19 16:54:27 INFO     [watchfiles.main:308] 1 change detected
[stderr] 2026-09-19 16:54:27 WARNING  [codeboarding_pro.analysis_controller:427] Skipping incremental update: full analysis artifacts not ready yet
[stderr] 2026-09-19 16:54:27 INFO     [codeboarding_pro.analysis_controller:259] No cached analysis results; skipping health report
[stderr] 2026-09-19 16:56:07 INFO     [watchfiles.main:308] 1 change detected
[stderr] 2026-09-19 16:56:08 WARNING  [codeboarding_pro.analysis_controller:427] Skipping incremental update: full analysis artifacts not ready yet
[stderr] 2026-09-19 16:56:08 INFO     [codeboarding_pro.analysis_controller:259] No cached analysis results; skipping health report
[stderr] 2026-09-19 16:58:39 INFO     [watchfiles.main:308] 1 change detected
[stderr] 2026-09-19 16:58:40 WARNING  [codeboarding_pro.analysis_controller:427] Skipping incremental update: full analysis artifacts not ready yet
[stderr] 2026-09-19 16:58:40 INFO     [codeboarding_pro.analysis_controller:259] No cached analysis results; skipping health report
[stderr] 2026-09-19 16:58:46 INFO     [watchfiles.main:308] 2 changes detected
[stderr] 2026-09-19 16:58:47 WARNING  [codeboarding_pro.analysis_controller:427] Skipping incremental update: full analysis artifacts not ready yet
[stderr] 2026-09-19 16:58:47 INFO     [codeboarding_pro.analysis_controller:259] No cached analysis results; skipping health report
[stderr] 2026-09-19 17:01:51 INFO     [watchfiles.main:308] 1 change detected
[stderr] 2026-09-19 17:01:52 WARNING  [codeboarding_pro.analysis_controller:427] Skipping incremental update: full analysis artifacts not ready yet
[stderr] 2026-09-19 17:01:52 INFO     [codeboarding_pro.analysis_controller:259] No cached analysis results; skipping health report
[stderr] 2026-09-19 17:02:14 INFO     [watchfiles.main:308] 1 change detected
[stderr] 2026-09-19 17:02:15 WARNING  [codeboarding_pro.analysis_controller:427] Skipping incremental update: full analysis artifacts not ready yet
[stderr] 2026-09-19 17:02:15 INFO     [codeboarding_pro.analysis_controller:259] No cached analysis results; skipping health report
[stderr] 2026-09-19 17:03:42 INFO     [watchfiles.main:308] 1 change detected
[stderr] 2026-09-19 17:03:42 WARNING  [codeboarding_pro.analysis_controller:427] Skipping incremental update: full analysis artifacts not ready yet
[stderr] 2026-09-19 17:03:42 INFO     [codeboarding_pro.analysis_controller:259] No cached analysis results; skipping health report
[stderr] 2026-09-19 17:11:23 INFO     [watchfiles.main:308] 1 change detected
[stderr] 2026-09-19 17:11:24 WARNING  [codeboarding_pro.analysis_controller:427] Skipping incremental update: full analysis artifacts not ready yet
[stderr] 2026-09-19 17:11:24 INFO     [codeboarding_pro.analysis_controller:259] No cached analysis results; skipping health report
[stderr] 2026-09-19 17:12:08 INFO     [watchfiles.main:308] 1 change detected
[stderr] 2026-09-19 17:12:08 WARNING  [codeboarding_pro.analysis_controller:427] Skipping incremental update: full analysis artifacts not ready yet
[stderr] 2026-09-19 17:12:08 INFO     [codeboarding_pro.analysis_controller:259] No cached analysis results; skipping health report
[stderr] 2026-09-19 17:14:32 INFO     [watchfiles.main:308] 1 change detected
[stderr] 2026-09-19 17:14:32 WARNING  [codeboarding_pro.analysis_controller:427] Skipping incremental update: full analysis artifacts not ready yet
[stderr] 2026-09-19 17:14:32 INFO     [codeboarding_pro.analysis_controller:259] No cached analysis results; skipping health report
